D:\develop\000-CrimeAndWin\CrimeAndWin\001_MicroServices\2_CrimeAndWin.PlayerProfile\PlayerProfile.Infrastructure\Persistance\Context\PlayerProfileDbContext.cs(5,7): error CS0246: 'CrimeAndWin' türü veya ad alanı adı bulunamadı (bir using yönergeniz veya derleme başvurunuz mu eksik?) [D:\develop\000-CrimeAndWin\CrimeAndWin\001_MicroServices\2_CrimeAndWin.PlayerProfile\PlayerProfile.Infrastructure\PlayerProfile.Infrastructure.csproj]
D:\develop\000-CrimeAndWin\CrimeAndWin\001_MicroServices\4_CrimeAndWin.Action\Action.Application\Features\PlayerActionAttempts\Commands\PerformPlayerAction\PerformPlayerActionHandler.cs(11,91): error CS0246: 'PerformPlayerActionResult' türü veya ad alanı adı bulunamadı (bir using yönergeniz veya derleme başvurunuz mu eksik?) [D:\develop\000-CrimeAndWin\CrimeAndWin\001_MicroServices\4_CrimeAndWin.Action\Action.Application\Action.Application.csproj]
D:\develop\000-CrimeAndWin\CrimeAndWin\001_MicroServices\4_CrimeAndWin.Action\Action.Application\Features\PlayerActionAttempts\Commands\PerformPlayerAction\PerformPlayerActionHandler.cs(11,18): error CS0311: 'Action.Application.Features.PlayerActionAttempts.Commands.PerformPlayerAction.PerformPlayerActionCommand' türü, 'IRequestHandler<TRequest, TResponse>' genel türü veya yöntemi için 'TRequest' tür parametresi olarak kullanılamaz. 'Action.Application.Features.PlayerActionAttempts.Commands.PerformPlayerAction.PerformPlayerActionCommand' türünden 'Shared.Application.Abstractions.Messaging.IRequest<PerformPlayerActionResult>' türüne örtük bir başvuru dönüştürmesi yoktur. [D:\develop\000-CrimeAndWin\CrimeAndWin\001_MicroServices\4_CrimeAndWin.Action\Action.Application\Action.Application.csproj]
D:\develop\000-CrimeAndWin\CrimeAndWin\001_MicroServices\4_CrimeAndWin.Action\Action.Application\Features\PlayerActionAttempts\Commands\PerformPlayerAction\PerformPlayerActionHandler.cs(32,27): error CS0246: 'PerformPlayerActionResult' türü veya ad alanı adı bulunamadı (bir using yönergeniz veya derleme başvurunuz mu eksik?) [D:\develop\000-CrimeAndWin\CrimeAndWin\001_MicroServices\4_CrimeAndWin.Action\Action.Application\Action.Application.csproj]
D:\develop\000-CrimeAndWin\CrimeAndWin\001_MicroServices\3_CrimeAndWin.GameWorld\GameWorld.Infrastructure\Persistance\Configuration\DistrictConfiguration.cs(16,31): error CS1061: 'District' bir 'BaseTaxRate' tanımı içermiyor ve 'District' türünde bir ilk bağımsız değişken kabul eden hiçbir erişilebilir 'BaseTaxRate' genişletme yöntemi bulunamadı (bir kullanma yönergeniz veya derleme başvurunuz eksik olabilir mi?) [D:\develop\000-CrimeAndWin\CrimeAndWin\001_MicroServices\3_CrimeAndWin.GameWorld\GameWorld.Infrastructure\GameWorld.Infrastructure.csproj]
D:\develop\000-CrimeAndWin\CrimeAndWin\001_MicroServices\3_CrimeAndWin.GameWorld\GameWorld.Infrastructure\Persistance\Configuration\DistrictConfiguration.cs(17,31): error CS1061: 'District' bir 'MinBusinessRespect' tanımı içermiyor ve 'District' türünde bir ilk bağımsız değişken kabul eden hiçbir erişilebilir 'MinBusinessRespect' genişletme yöntemi bulunamadı (bir kullanma yönergeniz veya derleme başvurunuz eksik olabilir mi?) [D:\develop\000-CrimeAndWin\CrimeAndWin\001_MicroServices\3_CrimeAndWin.GameWorld\GameWorld.Infrastructure\GameWorld.Infrastructure.csproj]
D:\develop\000-CrimeAndWin\CrimeAndWin\001_MicroServices\3_CrimeAndWin.GameWorld\GameWorld.Infrastructure\Persistance\Configuration\DistrictConfiguration.cs(25,21): error CS0117: 'District' bir 'BaseTaxRate' tanımı içermiyor [D:\develop\000-CrimeAndWin\CrimeAndWin\001_MicroServices\3_CrimeAndWin.GameWorld\GameWorld.Infrastructure\GameWorld.Infrastructure.csproj]
D:\develop\000-CrimeAndWin\CrimeAndWin\001_MicroServices\3_CrimeAndWin.GameWorld\GameWorld.Infrastructure\Persistance\Configuration\DistrictConfiguration.cs(26,21): error CS0117: 'District' bir 'MinBusinessRespect' tanımı içermiyor [D:\develop\000-CrimeAndWin\CrimeAndWin\001_MicroServices\3_CrimeAndWin.GameWorld\GameWorld.Infrastructure\GameWorld.Infrastructure.csproj]
D:\develop\000-CrimeAndWin\CrimeAndWin\001_MicroServices\3_CrimeAndWin.GameWorld\GameWorld.Infrastructure\Persistance\Configuration\DistrictConfiguration.cs(33,21): error CS0117: 'District' bir 'BaseTaxRate' tanımı içermiyor [D:\develop\000-CrimeAndWin\CrimeAndWin\001_MicroServices\3_CrimeAndWin.GameWorld\GameWorld.Infrastructure\GameWorld.Infrastructure.csproj]
D:\develop\000-CrimeAndWin\CrimeAndWin\001_MicroServices\3_CrimeAndWin.GameWorld\GameWorld.Infrastructure\Persistance\Configuration\DistrictConfiguration.cs(34,21): error CS0117: 'District' bir 'MinBusinessRespect' tanımı içermiyor [D:\develop\000-CrimeAndWin\CrimeAndWin\001_MicroServices\3_CrimeAndWin.GameWorld\GameWorld.Infrastructure\GameWorld.Infrastructure.csproj]
D:\develop\000-CrimeAndWin\CrimeAndWin\001_MicroServices\1_CrimeAndWin.Identity\Identity.Application\Features\User\Commands\BulkApproveUsers\BulkApproveUsersCommandHandler.cs(8,21): error CS0311: 'Identity.Application.Features.User.Commands.BulkApproveUsers.BulkApproveUsersCommand' türü, 'IRequestHandler<TRequest, TResponse>' genel türü veya yöntemi için 'TRequest' tür parametresi olarak kullanılamaz. 'Identity.Application.Features.User.Commands.BulkApproveUsers.BulkApproveUsersCommand' türünden 'Shared.Application.Abstractions.Messaging.IRequest<int>' türüne örtük bir başvuru dönüştürmesi yoktur. [D:\develop\000-CrimeAndWin\CrimeAndWin\001_MicroServices\1_CrimeAndWin.Identity\Identity.Application\Identity.Application.csproj]

Oluşturma BAŞARISIZ OLDU.
    288 Uyarı
    11 Hata

Geçen Süre 00:01:33.64
